// Jest Snapshot v1, https://goo.gl/fbAQLP

exports[`Message Should match the snapshot 1`] = `
<div
  class="sc-bdvvtL ilaumJ"
>
  <p
    class="sc-gsDKAQ"
  >
    test content
  </p>
  <div
    class="sc-dkPtRN cgynxk"
  >
    <button
      class="sc-hKwDye bmqeFH"
    >
      Ignore
    </button>
    <button
      class="sc-hKwDye sc-eCImPb bmqeFH ecInFQ"
    >
      Delete
    </button>
  </div>
</div>
`;
