// Jest Snapshot v1, https://goo.gl/fbAQLP

exports[`Nav Should match the snapshot 1`] = `
<div
  class="sc-bdvvtL hYwHED"
>
  <div
    class="sc-gsDKAQ BA-dEd"
  >
    <a
      aria-current="page"
      class="active"
      href="/"
      style="color: rgb(114, 137, 218); font-weight: 700; margin-right: 20px; font-size: 30px; text-decoration: none;"
    >
      Flagged messages
    </a>
    <a
      class=""
      href="/censored-words"
      style="color: rgb(255, 255, 255); font-weight: 700; margin-right: 20px; font-size: 30px; text-decoration: none;"
    >
      Censored words
    </a>
  </div>
</div>
`;
